// Bun Snapshot v1, https://bun.sh/docs/test/snapshots

exports[`ToastOverlayView actions renders a complete standard-size notice frame 1`] = `
"┌──────────────────────────────────────────────────────────────────────┐
│ needs attention                                [ copy ][ dismiss ]   │
│ The Station timed out while waiting for command completion.          │
│ trace trace_command_timeout_123                                      │
└──────────────────────────────────────────────────────────────────────┘"
`;

exports[`ToastOverlayView actions keeps a notice in its structural region through resize without a command prompt 1`] = `
"  ┌──────────────────────────────────┐
FL│ needs attention        [copy][x] │
──│ Worktrunk failed to remove the   │─
  │ selected checkout because the    │
 ▼│ main worktree cannot be removed  │]
 [│ while Station is running there.  │
 [│ Open a different linked          │
 [│ checkout, select the session     │
 [│ again, and retry after           │
▼ └──────────────────────────────────┘
───────────────────────────────────────
Esc:dismiss  Q:close
"
`;

exports[`ToastOverlayView actions keeps a notice in its structural region through resize without a command prompt 2`] = `
"  ┌────────────────┐
FL│ need…[copy][x] │
──│ Worktrunk      │─
  │ failed to      │…
 ▼│ remove the     │]
▼ └────────────────┘
─────────────────────
Esc:dismiss  Q:close
"
`;

exports[`ToastOverlayView actions keeps a notice in its structural region through resize without a command prompt 3`] = `
"  │ need…[copy][x] │
FL│ _remove_123 |  │
──│ diagnostic dia │─
─────────────────────
Esc:dismiss  Q:close
"
`;
