// Bun Snapshot v1, https://bun.sh/docs/test/snapshots

exports[`Station app composition keeps the floating Station control out of the open native overlay at standard size 1`] = `
"┌─shell────────────────────────────────────────────────────────────────────────────────────────────┐
│                                                                                                  │
│                                                                                                  │
│                                                                                                  │
│                                                                                                  │
│                   ┌─ station · overview ─────────────────────────────── [+] ─┐                   │
│                   │                                                          │                   │
│                   │FLEET  ● 0 ready  ⠋ 2 working  ! 0 needs you  ? 1         │                   │
│                   │───────────────────────────────────────────────────────── │                   │
│                   │       SESSION               AGENT     STATUS          PR │                   │
│                   │ ▼ station  5 sessions · 4 agents           [sh] [qs] [▾] │                   │
│                   │ [1] ○ cli-help-man          codex     idle         #70 ✓ │                   │
│                   │ [2] - docs-cleanup          codex     no agent           │                   │
│                   │ [3] ○ pty-buffer            codex     idle         #73 ✓ │                   │
│                   │ [4] + session-resume        codex     starting           │                   │
│                   │ [5] ⠋ station-overlay       codex     working      #76 … │                   │
│                   │                                                          │                   │
│                   │ ▼ observer  3 sessions · 3 agents          [sh] [qs] [▾] │                   │
│                   │ [6] x batch-export          opencode  exited        #8 ✓ │                   │
│                   │───────────────────────────────────────────────────────── │                   │
│                   │↵ activate  N new  ⇥ next  / filter  X delete  ? help  Q… │                   │
│                   └──────────────────────────────────────────────────────────┘                   │
│                                                                                                  │
│                                                                                                  │
│                                                                                                  │
│                                                                                                  │
│                                                                                                  │
└──────────────────────────────────────────────────────────────────────────────────────────────────┘
"
`;

exports[`Station app composition keeps the native overlay unobscured in a 40x12 terminal 1`] = `
"┌─ station · overview ─────────── [+] ─┐
│                                      │
│FLEET  ● 0 ready  ⠋ 2 working  ! 0    │
│───────────────────────────────────── │
│       SESSION           STATUS       │
│ ▼ station  5 sessions  [sh] [qs] [▾] │
│ [1] ○ cli-help-man      idle         │
│ [2] - docs-cleanup      no agent     │
│ [3] ○ pty-buffer        idle         │
│───────────────────────────────────── │
│↵ activate  N new  ⇥ next  / filter … │
└──────────────────────────────────────┘
"
`;
